src/components/contacts/ContactProgressBar.tsx(73,14): error TS1128: Declaration or statement expected.
